// Jest Snapshot v1, https://goo.gl/fbAQLP

exports[`Supervisor private button renders the snapshot correctly 1`] = `
Object {
  "asFragment": [Function],
  "baseElement": <body>
    <style>
      
    table.disable-selection {
      -webkit-touch-callout: none;
      -webkit-user-select: none; 
      -khtml-user-select: none; 
      -moz-user-select: none; 
      -ms-user-select: none; 
      user-select: none;
    }
  
    .disable-selection span::selection{
      background-color: transparent;
    }
    .disable-selection br::selection{
      background-color: transparent;
    }
  
    </style>
    <div>
      <div
        class="css-1dhdhv0"
        data-paste-element="FLEX"
      >
        <div
          class="css-tfro19"
          data-paste-element="SUPERVISOR_PRIVATE_BUTTON_BOX"
        >
          <div
            class="css-ci45q"
            data-paste-element="SUPERVISOR_PRIVATE_BUTTON_BOX_CHILD"
          >
            <button
              icon="EyeBold"
              title="Disable Private Mode"
              variant="secondary"
            />
          </div>
          <div
            class="css-roynbj"
            data-paste-element="SUPERVISOR_PRIVATE_BUTTON_BOX_CHILD"
          >
            Privacy On
          </div>
        </div>
      </div>
    </div>
  </body>,
  "container": <div>
    <div
      class="css-1dhdhv0"
      data-paste-element="FLEX"
    >
      <div
        class="css-tfro19"
        data-paste-element="SUPERVISOR_PRIVATE_BUTTON_BOX"
      >
        <div
          class="css-ci45q"
          data-paste-element="SUPERVISOR_PRIVATE_BUTTON_BOX_CHILD"
        >
          <button
            icon="EyeBold"
            title="Disable Private Mode"
            variant="secondary"
          />
        </div>
        <div
          class="css-roynbj"
          data-paste-element="SUPERVISOR_PRIVATE_BUTTON_BOX_CHILD"
        >
          Privacy On
        </div>
      </div>
    </div>
  </div>,
  "debug": [Function],
  "findAllByAltText": [Function],
  "findAllByDisplayValue": [Function],
  "findAllByLabelText": [Function],
  "findAllByPlaceholderText": [Function],
  "findAllByRole": [Function],
  "findAllByTestId": [Function],
  "findAllByText": [Function],
  "findAllByTitle": [Function],
  "findByAltText": [Function],
  "findByDisplayValue": [Function],
  "findByLabelText": [Function],
  "findByPlaceholderText": [Function],
  "findByRole": [Function],
  "findByTestId": [Function],
  "findByText": [Function],
  "findByTitle": [Function],
  "getAllByAltText": [Function],
  "getAllByDisplayValue": [Function],
  "getAllByLabelText": [Function],
  "getAllByPlaceholderText": [Function],
  "getAllByRole": [Function],
  "getAllByTestId": [Function],
  "getAllByText": [Function],
  "getAllByTitle": [Function],
  "getByAltText": [Function],
  "getByDisplayValue": [Function],
  "getByLabelText": [Function],
  "getByPlaceholderText": [Function],
  "getByRole": [Function],
  "getByTestId": [Function],
  "getByText": [Function],
  "getByTitle": [Function],
  "queryAllByAltText": [Function],
  "queryAllByDisplayValue": [Function],
  "queryAllByLabelText": [Function],
  "queryAllByPlaceholderText": [Function],
  "queryAllByRole": [Function],
  "queryAllByTestId": [Function],
  "queryAllByText": [Function],
  "queryAllByTitle": [Function],
  "queryByAltText": [Function],
  "queryByDisplayValue": [Function],
  "queryByLabelText": [Function],
  "queryByPlaceholderText": [Function],
  "queryByRole": [Function],
  "queryByTestId": [Function],
  "queryByText": [Function],
  "queryByTitle": [Function],
  "rerender": [Function],
  "unmount": [Function],
}
`;
